// Jest Snapshot v1, https://goo.gl/fbAQLP

exports[`App should update player score 1`] = `
<div
  className="App"
>
  <div
    className="tennisBg"
  >
    <h2
      className="THeading"
    >
      Let's Play Tennis
    </h2>
    <div>
      <div
        className="scoreBoard"
      >
        <h3>
          scoreBoard
        </h3>
        <div
          className="playerStyles"
        >
          Player1: 
          <div
            className="scoreStyles"
          >
            0
          </div>
        </div>
        <div
          className="playerStyles"
        >
          Player2: 
          <div
            className="scoreStyles"
          >
            0
          </div>
        </div>
      </div>
    </div>
    <div
      className="playerBox"
    >
      <div>
        <div
          className="playerHeading"
        >
          Player1
        </div>
        <div
          className="player1"
          onClick={[Function]}
        />
      </div>
      <div>
        <div
          className="playerHeading"
        >
          Player2
        </div>
        <div
          className="player2"
        />
      </div>
    </div>
    0
  </div>
</div>
`;
